============================= test session starts =============================
platform win32 -- Python 3.10.11, pytest-9.0.2, pluggy-1.6.0 -- C:\Program Files\Python310\python.exe
cachedir: .pytest_cache
rootdir: C:\Users\rafae\Documents\Vibecoding\Zapista\lembretezap
configfile: pyproject.toml
plugins: anyio-4.12.1, asyncio-1.3.0
asyncio: mode=auto, debug=False, asyncio_default_fixture_loop_scope=None, asyncio_default_test_loop_scope=function
collecting ... 
----------------------------- live log collection -----------------------------
DEBUG    httpcore.connection:_trace.py:47 connect_tcp.started host='raw.githubusercontent.com' port=443 local_address=None timeout=5 socket_options=None
DEBUG    httpcore.connection:_trace.py:47 connect_tcp.complete return_value=<httpcore._backends.sync.SyncStream object at 0x0000021E58B40F10>
DEBUG    httpcore.connection:_trace.py:47 start_tls.started ssl_context=<ssl.SSLContext object at 0x0000021E58ABF1C0> server_hostname='raw.githubusercontent.com' timeout=5
DEBUG    httpcore.connection:_trace.py:47 start_tls.complete return_value=<httpcore._backends.sync.SyncStream object at 0x0000021E58B40EE0>
DEBUG    httpcore.http11:_trace.py:47 send_request_headers.started request=<Request [b'GET']>
DEBUG    httpcore.http11:_trace.py:47 send_request_headers.complete
DEBUG    httpcore.http11:_trace.py:47 send_request_body.started request=<Request [b'GET']>
DEBUG    httpcore.http11:_trace.py:47 send_request_body.complete
DEBUG    httpcore.http11:_trace.py:47 receive_response_headers.started request=<Request [b'GET']>
DEBUG    httpcore.http11:_trace.py:47 receive_response_headers.complete return_value=(b'HTTP/1.1', 200, b'OK', [(b'Connection', b'keep-alive'), (b'Content-Length', b'67209'), (b'Cache-Control', b'max-age=300'), (b'Content-Security-Policy', b"default-src 'none'; style-src 'unsafe-inline'; sandbox"), (b'Content-Type', b'text/plain; charset=utf-8'), (b'ETag', b'W/"afe70325fdfab8fad79d9c49ba8635bcabad195cf26b1d5c6653e4a7c19befb0"'), (b'Strict-Transport-Security', b'max-age=31536000'), (b'X-Content-Type-Options', b'nosniff'), (b'X-Frame-Options', b'deny'), (b'X-XSS-Protection', b'1; mode=block'), (b'X-GitHub-Request-Id', b'D68C:3CCF01:30BC8C:356CCF:699C56B1'), (b'Content-Encoding', b'gzip'), (b'Accept-Ranges', b'bytes'), (b'Date', b'Mon, 23 Feb 2026 16:57:05 GMT'), (b'Via', b'1.1 varnish'), (b'X-Served-By', b'cache-lis1490029-LIS'), (b'X-Cache', b'HIT'), (b'X-Cache-Hits', b'2'), (b'X-Timer', b'S1771865825.216356,VS0,VE0'), (b'Vary', b'Authorization,Accept-Encoding'), (b'Access-Control-Allow-Origin', b'*'), (b'Cross-Origin-Resource-Policy', b'cross-origin'), (b'X-Fastly-Request-ID', b'98666e5d761aa8f4e40e83e07f552549cc68cc36'), (b'Expires', b'Mon, 23 Feb 2026 17:02:05 GMT'), (b'Source-Age', b'221')])
DEBUG    httpcore.http11:_trace.py:47 receive_response_body.started request=<Request [b'GET']>
DEBUG    httpcore.http11:_trace.py:47 receive_response_body.complete
DEBUG    httpcore.http11:_trace.py:47 response_closed.started
DEBUG    httpcore.http11:_trace.py:47 response_closed.complete
DEBUG    httpcore.connection:_trace.py:47 close.started
DEBUG    httpcore.connection:_trace.py:47 close.complete
DEBUG    LiteLLM:litellm_logging.py:194 [Non-Blocking] Unable to import GenericAPILogger - LiteLLM Enterprise Feature - No module named 'litellm_enterprise'
16:57:07 - LiteLLM:DEBUG: litellm_logging.py:194 - [Non-Blocking] Unable to import GenericAPILogger - LiteLLM Enterprise Feature - No module named 'litellm_enterprise'
16:57:08 - LiteLLM:DEBUG: http_handler.py:776 - Using AiohttpTransport...
16:57:08 - LiteLLM:DEBUG: http_handler.py:834 - Creating AiohttpTransport...
DEBUG    LiteLLM:http_handler.py:776 Using AiohttpTransport...
16:57:08 - LiteLLM:DEBUG: http_handler.py:844 - NEW SESSION: Creating new ClientSession (no shared session provided)
DEBUG    LiteLLM:http_handler.py:834 Creating AiohttpTransport...
DEBUG    LiteLLM:http_handler.py:844 NEW SESSION: Creating new ClientSession (no shared session provided)
16:57:08 - LiteLLM:DEBUG: http_handler.py:776 - Using AiohttpTransport...
DEBUG    LiteLLM:http_handler.py:776 Using AiohttpTransport...
DEBUG    LiteLLM:http_handler.py:834 Creating AiohttpTransport...
16:57:08 - LiteLLM:DEBUG: http_handler.py:834 - Creating AiohttpTransport...
16:57:08 - LiteLLM:DEBUG: http_handler.py:844 - NEW SESSION: Creating new ClientSession (no shared session provided)
DEBUG    LiteLLM:http_handler.py:844 NEW SESSION: Creating new ClientSession (no shared session provided)
16:57:08 - LiteLLM:DEBUG: http_handler.py:776 - Using AiohttpTransport...
DEBUG    LiteLLM:http_handler.py:776 Using AiohttpTransport...
DEBUG    LiteLLM:http_handler.py:834 Creating AiohttpTransport...
16:57:08 - LiteLLM:DEBUG: http_handler.py:834 - Creating AiohttpTransport...
16:57:08 - LiteLLM:DEBUG: http_handler.py:844 - NEW SESSION: Creating new ClientSession (no shared session provided)
DEBUG    LiteLLM:http_handler.py:844 NEW SESSION: Creating new ClientSession (no shared session provided)
16:57:08 - LiteLLM:DEBUG: http_handler.py:776 - Using AiohttpTransport...
DEBUG    LiteLLM:http_handler.py:776 Using AiohttpTransport...
16:57:08 - LiteLLM:DEBUG: http_handler.py:834 - Creating AiohttpTransport...
16:57:08 - LiteLLM:DEBUG: http_handler.py:844 - NEW SESSION: Creating new ClientSession (no shared session provided)
DEBUG    LiteLLM:http_handler.py:834 Creating AiohttpTransport...
DEBUG    LiteLLM:http_handler.py:844 NEW SESSION: Creating new ClientSession (no shared session provided)
collected 1 item

tests/test_agent_organizer.py::test_agent_schedules_reminder_via_cron 
------------------------------- live log setup --------------------------------
DEBUG    asyncio:proactor_events.py:630 Using proactor: IocpProactor
DEBUG    asyncio:proactor_events.py:630 Using proactor: IocpProactor
2026-02-23 16:57:08.911 | INFO     | zapista.agent.tools.cron:execute:182 - CronTool.execute inputs: action=add, msg=Me lembre de beber ßgua, time_input=None, target=None, in_seconds=None, every=7200, cron=None, chat_id=user1, channel=cli
2026-02-23 16:57:08.921 | DEBUG    | zapista.cron.service:add_job:409 - Cron add_job: name=%r schedule_kind=%s deliver=%s channel=%s to=%s delete_after_run=%s suggested_prefix=%s
2026-02-23 16:57:08.921 | DEBUG    | zapista.cron.service:add_job:420 - Cron add_job: message_len=%d message_preview=%r
2026-02-23 16:57:08.921 | DEBUG    | zapista.cron.service:add_job:426 - Cron add_job: user=%s message=%s schedule_kind=%s every_ms=%s expr=%s at_ms=%s existing_jobs_for_user=%d total_jobs=%d
2026-02-23 16:57:08.921 | DEBUG    | zapista.cron.service:add_job:481 - Cron add_job: generated job_id=%s next_run_at_ms=%s schedule_at=%s
2026-02-23 16:57:08.922 | DEBUG    | zapista.cron.service:add_job:520 - Cron add_job: job created, total_jobs=%d
2026-02-23 16:57:08.922 | INFO     | zapista.cron.service:add_job:528 - Cron: added job id=%s name=%r schedule=%s deliver=%s channel=%s to=%s next_run=%s total_jobs=%d
2026-02-23 16:57:08.922 | INFO     | zapista.cron.service:add_job:540 - Cron: job will not be delivered to WhatsApp (channel=cli); create reminder from WhatsApp to receive there.
FAILED

================================== FAILURES ===================================
___________________ test_agent_schedules_reminder_via_cron ____________________

    @pytest.mark.asyncio
    async def test_agent_schedules_reminder_via_cron():
        """O agente recebe pedido de lembrete, usa a ferramenta cron e responde."""
        workspace = Path(tempfile.mkdtemp())
        store_path = workspace / "cron_store.json"
        bus = MessageBus()
        provider = MockProvider()
        cron = CronService(store_path=store_path, on_job=AsyncMock(return_value="ok"))
    
        agent = AgentLoop(
            bus=bus,
            provider=provider,
            workspace=workspace,
            cron_service=cron,
        )
    
        response = await agent.process_direct(
            "Me lembre de beber ßgua a cada 2 horas",
            session_key="test:user1",
            channel="cli",
            chat_id="user1",
        )
    
        # O mock na 2¬ chamada devolve essa frase
>       assert "Lembrete agendado" in response or "agendado" in response.lower()
E       AssertionError: assert ('Lembrete agendado' in 'Reminder scheduled (id: BEB01). (Created from the terminal; to receive it on WhatsApp, send the reminder through WhatsApp itself.)\n\n\U0001f4a1 To have reminders at your local time: /tz City (e.g. /tz New York).' or 'agendado' in 'reminder scheduled (id: beb01). (created from the terminal; to receive it on whatsapp, send the reminder through whatsapp itself.)\n\n\U0001f4a1 to have reminders at your local time: /tz city (e.g. /tz new york).')
E        +  where 'reminder scheduled (id: beb01). (created from the terminal; to receive it on whatsapp, send the reminder through whatsapp itself.)\n\n\U0001f4a1 to have reminders at your local time: /tz city (e.g. /tz new york).' = <built-in method lower of str object at 0x0000021E5D59DA50>()
E        +    where <built-in method lower of str object at 0x0000021E5D59DA50> = 'Reminder scheduled (id: BEB01). (Created from the terminal; to receive it on WhatsApp, send the reminder through WhatsApp itself.)\n\n\U0001f4a1 To have reminders at your local time: /tz City (e.g. /tz New York).'.lower

tests\test_agent_organizer.py:83: AssertionError
----------------------------- Captured log setup ------------------------------
DEBUG    asyncio:proactor_events.py:630 Using proactor: IocpProactor
DEBUG    asyncio:proactor_events.py:630 Using proactor: IocpProactor
============================== warnings summary ===============================
tests/test_agent_organizer.py::test_agent_schedules_reminder_via_cron
  C:\Users\rafae\Documents\Vibecoding\Zapista\lembretezap\zapista\agent\loop.py:1503: DeprecationWarning: Flags not at the start of the expression '^(?i)(?:cria|crie|fa' (truncated) but at position 1
    m = re.match(

-- Docs: https://docs.pytest.org/en/stable/how-to/capture-warnings.html
=========================== short test summary info ===========================
FAILED tests/test_agent_organizer.py::test_agent_schedules_reminder_via_cron - AssertionError: assert ('Lembrete agendado' in 'Reminder scheduled (id: BEB01). (Created from the terminal; to receive it on WhatsApp, send the reminder through WhatsApp itself.)\n\n\U0001f4a1 To have reminders at your local time: /tz City (e.g. /tz New York).' or 'agendado' in 'reminder scheduled (id: beb01). (created from the terminal; to receive it on whatsapp, send the reminder through whatsapp itself.)\n\n\U0001f4a1 to have reminders at your local time: /tz city (e.g. /tz new york).')
 +  where 'reminder scheduled (id: beb01). (created from the terminal; to receive it on whatsapp, send the reminder through whatsapp itself.)\n\n\U0001f4a1 to have reminders at your local time: /tz city (e.g. /tz new york).' = <built-in method lower of str object at 0x0000021E5D59DA50>()
 +    where <built-in method lower of str object at 0x0000021E5D59DA50> = 'Reminder scheduled (id: BEB01). (Created from the terminal; to receive it on WhatsApp, send the reminder through WhatsApp itself.)\n\n\U0001f4a1 To have reminders at your local time: /tz City (e.g. /tz New York).'.lower
======================== 1 failed, 1 warning in 4.33s =========================
